// Jest Snapshot v1, https://goo.gl/fbAQLP

exports[`RepoFileLink renders 1`] = `
<DocumentFragment>
  <div
    class="container"
  >
    <a
      class="anchorLink"
      href="https://example.com"
    >
      my/repo
    </a>
     â€º 
    <a
      class="anchorLink text-truncate"
      href="/file?subtree=true"
    >
      my/
      <strong>
        file
      </strong>
    </a>
  </div>
</DocumentFragment>
`;
